[[6.1242276 ]
 [1.5963611 ]
 [0.49372617]
 [2.14955072]
 [6.12538777]
 [7.48417786]
 [3.20629128]
 [0.59462153]
 [4.49716198]
 [5.43058312]
 [4.6597673 ]
 [6.93467796]
 [7.01653148]
 [3.13510459]
 [7.71581745]
 [5.10716976]
 [2.36906337]
 [4.92773001]
 [1.9088004 ]
 [7.67822113]
 [0.91622883]
 [3.56625783]
 [4.83735988]
 [7.4169589 ]
 [8.85805972]
 [1.96110304]
 [8.77421287]
 [0.8453737 ]
 [3.21007751]
 [3.19202318]
 [8.35871799]
 [0.5756459 ]
 [7.30410029]
 [3.32024885]
 [3.34637197]
 [5.21810426]
 [6.31846857]
 [4.50082878]
 [3.48705522]
 [0.24402479]
 [5.82741701]
 [6.80780797]
 [0.01229353]
 [6.54973157]
 [9.66488069]
 [9.20509966]
 [8.61439835]
 [4.41822265]
 [6.60368329]
 [1.90496506]
 [2.41406435]
 [6.59366261]
 [5.2595345 ]
 [0.80567364]
 [5.48391808]
 [6.93719945]
 [7.99951   ]
 [5.8929172 ]
 [6.83653034]
 [3.20198907]
 [2.26698388]
 [9.19793556]
 [6.91459767]
 [7.05472451]
 [8.06363196]
 [4.13420163]
 [1.72226926]
 [4.60422741]
 [0.60113754]
 [2.73682085]
 [5.19050642]
 [5.25912748]
 [5.42472017]
 [6.10996863]
 [0.02632644]
 [8.47309537]
 [2.84574961]
 [7.08397155]
 [1.64051984]
 [0.28869914]
 [5.86716703]
 [1.95534904]
 [7.32931592]
 [1.08328227]
 [6.10118976]
 [7.4462397 ]
 [5.3919709 ]
 [1.75647589]
 [0.80244239]
 [5.54747156]
 [6.3222661 ]
 [8.36710522]
 [2.31393269]
 [8.08687881]
 [8.47439559]
 [6.87397376]
 [7.82574695]
 [4.65212026]
 [5.96926226]
 [1.71869067]] [[15.37999506]
 [ 3.75497888]
 [ 1.45118439]
 [ 5.30106403]
 [15.23605007]
 [18.15073243]
 [ 7.58157624]
 [ 0.69196711]
 [10.37037031]
 [13.60762191]
 [11.85795063]
 [17.42281714]
 [18.17921818]
 [ 8.1348124 ]
 [18.93032388]
 [13.02666835]
 [ 5.56517493]
 [12.04635869]
 [ 4.84543453]
 [19.18574681]
 [ 2.75815793]
 [ 8.20973003]
 [12.33045317]
 [18.83918305]
 [22.66240838]
 [ 4.78036068]
 [22.26572827]
 [ 3.06542096]
 [ 7.66844034]
 [ 7.94027948]
 [20.25593649]
 [ 1.48179549]
 [17.39953224]
 [ 7.05156358]
 [ 9.50426246]
 [13.04111305]
 [15.76623433]
 [12.02989276]
 [ 8.20450265]
 [ 1.23064856]
 [13.99163624]
 [17.41806747]
 [ 0.09070731]
 [16.49890238]
 [24.61729497]
 [23.1095841 ]
 [22.11649204]
 [10.78247684]
 [16.79296103]
 [ 4.94030877]
 [ 6.61816211]
 [16.00855603]
 [13.88546844]
 [ 2.06294319]
 [13.67157291]
 [17.64145066]
 [20.25666717]
 [14.8003019 ]
 [16.69723734]
 [ 8.86456457]
 [ 6.64228185]
 [23.51094222]
 [17.0690015 ]
 [18.58465132]
 [20.44514795]
 [10.25871587]
 [ 4.41063736]
 [11.58754461]
 [ 2.78286806]
 [ 6.72419954]
 [12.39936672]
 [12.94644433]
 [14.22927541]
 [16.04106485]
 [ 0.25368078]
 [21.23081061]
 [ 8.37449618]
 [17.91594287]
 [ 4.04632297]
 [ 0.76962313]
 [13.70152427]
 [ 4.50578919]
 [18.5729763 ]
 [ 2.84829366]
 [14.83809254]
 [19.11686305]
 [14.1675634 ]
 [ 4.14184707]
 [ 1.90086389]
 [14.33088221]
 [15.67061195]
 [21.354929  ]
 [ 5.53607776]
 [20.22518004]
 [20.85247857]
 [17.17913176]
 [19.11889975]
 [11.96984576]
 [14.56636504]
 [ 4.61459988]]
Epoch 0, MSE: 189.5854, m: 1.5083, c: 0.2415
Epoch 1, MSE: 28.1415, m: 2.0873, c: 0.3334
Epoch 2, MSE: 4.3623, m: 2.3097, c: 0.3678
Epoch 3, MSE: 0.8598, m: 2.3951, c: 0.3803
Epoch 4, MSE: 0.3437, m: 2.4280, c: 0.3843
Epoch 5, MSE: 0.2676, m: 2.4408, c: 0.3850
Epoch 6, MSE: 0.2562, m: 2.4458, c: 0.3845
Epoch 7, MSE: 0.2544, m: 2.4479, c: 0.3835
Epoch 8, MSE: 0.2540, m: 2.4488, c: 0.3824
Epoch 9, MSE: 0.2538, m: 2.4493, c: 0.3812
Epoch 10, MSE: 0.2536, m: 2.4496, c: 0.3799
Epoch 11, MSE: 0.2535, m: 2.4498, c: 0.3787
Epoch 12, MSE: 0.2533, m: 2.4500, c: 0.3775
Epoch 13, MSE: 0.2531, m: 2.4502, c: 0.3762
Epoch 14, MSE: 0.2530, m: 2.4504, c: 0.3750
Epoch 15, MSE: 0.2528, m: 2.4506, c: 0.3738
Epoch 16, MSE: 0.2527, m: 2.4508, c: 0.3726
Epoch 17, MSE: 0.2525, m: 2.4510, c: 0.3713
Epoch 18, MSE: 0.2524, m: 2.4512, c: 0.3701
Epoch 19, MSE: 0.2522, m: 2.4514, c: 0.3689
Epoch 20, MSE: 0.2521, m: 2.4516, c: 0.3677
Epoch 21, MSE: 0.2519, m: 2.4518, c: 0.3665
Epoch 22, MSE: 0.2518, m: 2.4520, c: 0.3654
Epoch 23, MSE: 0.2516, m: 2.4522, c: 0.3642
Epoch 24, MSE: 0.2515, m: 2.4524, c: 0.3630
Epoch 25, MSE: 0.2514, m: 2.4526, c: 0.3618
Epoch 26, MSE: 0.2512, m: 2.4527, c: 0.3607
Epoch 27, MSE: 0.2511, m: 2.4529, c: 0.3595
Epoch 28, MSE: 0.2509, m: 2.4531, c: 0.3584
Epoch 29, MSE: 0.2508, m: 2.4533, c: 0.3572
Epoch 30, MSE: 0.2507, m: 2.4535, c: 0.3561
Epoch 31, MSE: 0.2505, m: 2.4537, c: 0.3549
Epoch 32, MSE: 0.2504, m: 2.4539, c: 0.3538
Epoch 33, MSE: 0.2503, m: 2.4540, c: 0.3527
Epoch 34, MSE: 0.2501, m: 2.4542, c: 0.3516
Epoch 35, MSE: 0.2500, m: 2.4544, c: 0.3504
Epoch 36, MSE: 0.2499, m: 2.4546, c: 0.3493
Epoch 37, MSE: 0.2498, m: 2.4548, c: 0.3482
Epoch 38, MSE: 0.2496, m: 2.4549, c: 0.3471
Epoch 39, MSE: 0.2495, m: 2.4551, c: 0.3460
Epoch 40, MSE: 0.2494, m: 2.4553, c: 0.3449
Epoch 41, MSE: 0.2493, m: 2.4555, c: 0.3438
Epoch 42, MSE: 0.2491, m: 2.4556, c: 0.3428
Epoch 43, MSE: 0.2490, m: 2.4558, c: 0.3417
Epoch 44, MSE: 0.2489, m: 2.4560, c: 0.3406
Epoch 45, MSE: 0.2488, m: 2.4562, c: 0.3395
Epoch 46, MSE: 0.2487, m: 2.4563, c: 0.3385
Epoch 47, MSE: 0.2486, m: 2.4565, c: 0.3374
Epoch 48, MSE: 0.2484, m: 2.4567, c: 0.3364
Epoch 49, MSE: 0.2483, m: 2.4568, c: 0.3353
Epoch 50, MSE: 0.2482, m: 2.4570, c: 0.3343
Epoch 51, MSE: 0.2481, m: 2.4572, c: 0.3332
Epoch 52, MSE: 0.2480, m: 2.4573, c: 0.3322
Epoch 53, MSE: 0.2479, m: 2.4575, c: 0.3312
Epoch 54, MSE: 0.2478, m: 2.4577, c: 0.3302
Epoch 55, MSE: 0.2477, m: 2.4578, c: 0.3291
Epoch 56, MSE: 0.2476, m: 2.4580, c: 0.3281
Epoch 57, MSE: 0.2475, m: 2.4582, c: 0.3271
Epoch 58, MSE: 0.2473, m: 2.4583, c: 0.3261
Epoch 59, MSE: 0.2472, m: 2.4585, c: 0.3251
Epoch 60, MSE: 0.2471, m: 2.4586, c: 0.3241
Epoch 61, MSE: 0.2470, m: 2.4588, c: 0.3231
Epoch 62, MSE: 0.2469, m: 2.4590, c: 0.3221
Epoch 63, MSE: 0.2468, m: 2.4591, c: 0.3211
Epoch 64, MSE: 0.2467, m: 2.4593, c: 0.3202
Epoch 65, MSE: 0.2466, m: 2.4594, c: 0.3192
Epoch 66, MSE: 0.2465, m: 2.4596, c: 0.3182
Epoch 67, MSE: 0.2464, m: 2.4597, c: 0.3173
Epoch 68, MSE: 0.2464, m: 2.4599, c: 0.3163
Epoch 69, MSE: 0.2463, m: 2.4600, c: 0.3153
Epoch 70, MSE: 0.2462, m: 2.4602, c: 0.3144
Epoch 71, MSE: 0.2461, m: 2.4604, c: 0.3134
Epoch 72, MSE: 0.2460, m: 2.4605, c: 0.3125
Epoch 73, MSE: 0.2459, m: 2.4607, c: 0.3116
Epoch 74, MSE: 0.2458, m: 2.4608, c: 0.3106
Epoch 75, MSE: 0.2457, m: 2.4610, c: 0.3097
Epoch 76, MSE: 0.2456, m: 2.4611, c: 0.3088
Epoch 77, MSE: 0.2455, m: 2.4613, c: 0.3078
Epoch 78, MSE: 0.2454, m: 2.4614, c: 0.3069
Epoch 79, MSE: 0.2454, m: 2.4616, c: 0.3060
Epoch 80, MSE: 0.2453, m: 2.4617, c: 0.3051
Epoch 81, MSE: 0.2452, m: 2.4618, c: 0.3042
Epoch 82, MSE: 0.2451, m: 2.4620, c: 0.3033
Epoch 83, MSE: 0.2450, m: 2.4621, c: 0.3024
Epoch 84, MSE: 0.2449, m: 2.4623, c: 0.3015
Epoch 85, MSE: 0.2449, m: 2.4624, c: 0.3006
Epoch 86, MSE: 0.2448, m: 2.4626, c: 0.2997
Epoch 87, MSE: 0.2447, m: 2.4627, c: 0.2988
Epoch 88, MSE: 0.2446, m: 2.4628, c: 0.2980
Epoch 89, MSE: 0.2445, m: 2.4630, c: 0.2971
Epoch 90, MSE: 0.2445, m: 2.4631, c: 0.2962
Epoch 91, MSE: 0.2444, m: 2.4633, c: 0.2954
Epoch 92, MSE: 0.2443, m: 2.4634, c: 0.2945
Epoch 93, MSE: 0.2442, m: 2.4635, c: 0.2936
Epoch 94, MSE: 0.2442, m: 2.4637, c: 0.2928
Epoch 95, MSE: 0.2441, m: 2.4638, c: 0.2919
Epoch 96, MSE: 0.2440, m: 2.4640, c: 0.2911
Epoch 97, MSE: 0.2439, m: 2.4641, c: 0.2902
Epoch 98, MSE: 0.2439, m: 2.4642, c: 0.2894
Epoch 99, MSE: 0.2438, m: 2.4644, c: 0.2886
